// Jest Snapshot v1, https://goo.gl/fbAQLP

exports[`animate multiple objects 1`] = `"data:image/png;base64,iVBORw0KGgoAAAANSUhEUgAAASwAAACWCAYAAABkW7XSAAAABmJLR0QA/wD/AP+gvaeTAAACGUlEQVR4nO3cwQmAMBBFwazYf8uxARFPyoOZCnJ6/EPYWWvtBRBw/P0AgLcEC8gQLCBDsIAMwQIyBAvIECwgQ7CADMECMs697z+6z8znjwF4YmEBGYIFZAgWkCFYQIZgARmCBWQIFpAhWECGYAEZ46Y7UGFhARmCBWQIFpAhWECGYAEZggVkCBaQIVhAhmABGW66AxkWFpAhWECGYAEZggVkCBaQIVhAhmABGYIFZAgWkOGmO5BhYQEZggVkCBaQIVhAhmABGYIFZAgWkCFYQIZgARmCBWQIFpAhWECGYAEZggVkCBaQIVhAhmABGYIFZAgWkCFYQIZgARmCBWQIFpAhWECGYAEZggVkCBaQIVhAhmABGYIFZAgWkCFYQIZgARmCBWQIFpAhWECGYAEZggVkCBaQIVhAhmABGYIFZAgWkCFYQIZgARmCBWQIFpAhWECGYAEZggVkCBaQIVhAhmABGYIFZAgWkCFYQIZgARmCBWQIFpAhWECGYAEZggVkCBaQIVhAhmABGYIFZAgWkCFYQIZgARmCBWQIFpAhWECGYAEZggVkCBaQIVhAhmABGYIFZAgWkCFYQIZgARmCBWQIFpAhWECGYAEZggVkCBaQIVhAhmABGYIFZAgWkCFYQIZgARmCBWQIFpAhWECGYAEZggVkCBaQIVhAhmABGYIFZAgWkCFYQIZgARmCBWQIFpAhWECGYAEZF0OpCitL6pbtAAAAAElFTkSuQmCC"`;

exports[`empty canvas init 1`] = `
<canvas
  style="position: fixed; top: 0px; left: 0px; width: 100%; height: 100%;"
/>
`;

exports[`first frame 1`] = `"data:image/png;base64,iVBORw0KGgoAAAANSUhEUgAAASwAAACWCAYAAABkW7XSAAAABmJLR0QA/wD/AP+gvaeTAAACGklEQVR4nO3asQ0CQQwAQRvRf8tHAy9ExP9KM6kTRysH3pk5AxDwunsBgF8JFpAhWECGYAEZggVkCBaQIVhAhmABGYIFZAgWkCFYQIZgARmCBWQIFpAhWECGYAEZggVkCBaQIVhAhmABGYIFZAgWkCFYQIZgARmCBWQIFpAhWECGYAEZggVkCBaQIVhAhmABGYIFZAgWkCFYQIZgARmCBWQIFpAhWECGYAEZggVkCBaQIVhAhmABGYIFZAgWkCFYQIZgARmCBWS8zzmXg939+zIA37iwgAzBAjIEC8gQLCBDsIAMwQIyBAvIECwgQ7CAjJ2Z61d3gIdxYQEZggVkCBaQIVhAhmABGYIFZAgWkCFYQIZgARmCBWQIFpAhWECGYAEZggVkCBaQIVhAhmABGYIFZAgWkCFYQIZgARmCBWQIFpAhWECGYAEZggVkCBaQIVhAhmABGYIFZAgWkCFYQIZgARmCBWQIFpAhWECGYAEZggVkCBaQIVhAhmABGYIFZAgWkCFYQIZgARmCBWQIFpAhWECGYAEZggVkCBaQIVhAhmABGYIFZAgWkCFYQIZgARmCBWQIFpAhWECGYAEZggVkCBaQIVhAhmABGYIFZAgWkCFYQIZgARmCBWQIFpAhWECGYAEZggVkCBaQIVhAhmABGYIFZAgWkCFYQIZgARmCBWQIFpAhWECGYAEZggVkCBaQIVhAhmABGR+s1gYr5L5tKAAAAABJRU5ErkJggg=="`;

exports[`second frame 1`] = `"data:image/png;base64,iVBORw0KGgoAAAANSUhEUgAAASwAAACWCAYAAABkW7XSAAAABmJLR0QA/wD/AP+gvaeTAAACGklEQVR4nO3asQ0CQQwAQRvRf8tHBY+I+F9pJnXiaOXAOzNnAAJedy8A8CvBAjIEC8gQLCBDsIAMwQIyBAvIECwgQ7CADMECMgQLyBAsIEOwgAzBAjIEC8gQLCBDsIAMwQIyBAvIECwgQ7CADMECMgQLyBAsIEOwgAzBAjIEC8gQLCBDsIAMwQIyBAvIECwgQ7CADMECMgQLyBAsIEOwgAzBAjIEC8gQLCBDsIAMwQIyBAvIECwgQ7CADMECMgQLyBAsIEOwgIz3OedyuLt/XQbgGxcWkCFYQIZgARmCBWQIFpAhWECGYAEZggVkCBaQsTNz/eoO8CAuLCBDsIAMwQIyBAvIECwgQ7CADMECMgQLyBAsIEOwgAzBAjIEC8gQLCBDsIAMwQIyBAvIECwgQ7CADMECMgQLyBAsIEOwgAzBAjIEC8gQLCBDsIAMwQIyBAvIECwgQ7CADMECMgQLyBAsIEOwgAzBAjIEC8gQLCBDsIAMwQIyBAvIECwgQ7CADMECMgQLyBAsIEOwgAzBAjIEC8gQLCBDsIAMwQIyBAvIECwgQ7CADMECMgQLyBAsIEOwgAzBAjIEC8gQLCBDsIAMwQIyBAvIECwgQ7CADMECMgQLyBAsIEOwgAzBAjIEC8gQLCBDsIAMwQIyBAvIECwgQ7CADMECMgQLyBAsIEOwgAzBAjIEC8gQLCBDsIAMwQIyBAvIECwg4wOsygYrtDoOoAAAAABJRU5ErkJggg=="`;
